round[0].input 48656c6c6f20776f726c642120202020
round[0].ik_sch b'def4be2036b28d9cc8e4388452635414'

round[1].istart 9691d24c5992faf3ba885ca572437434
round[1].is_box 9081b529cb4f2d0df4c44a06401a9218
round[1].is_row 904f4a18cbc49229f41ab50d40812d06
round[1].im_col b8c8639e61dc4b42650988b233289160
round[1].ik_sch b'24d444201266c9bcda82f13888e1a52c'

round[2].istart 9c1c27be73ba82febf8b798abbc9344c
round[2].is_box de9cccae8ff413bb083db67eeadd1829
round[2].is_row def4b6298f3d18ae08ddccbbea9c137e
round[2].im_col 3fc52669f4736be81b5d80641d82d256
round[2].ik_sch b'ded235e4ccb4fc5816360d609ed7a84c'

round[3].istart e117138d38c797b00d6b8d0483557a1a
round[3].is_box f8f07d5d07c688e7d77f5df2ecfcdaa2
round[3].is_row f8c65da2077fda5dd7fc7de7ecf088f2
round[3].im_col 452a79d708d130163054e336b2661aa8
round[3].ik_sch b'd4101cef18a4e0b70e92edd79045459b'

round[4].istart 913a65381075d0a13ec60ee122235f33
round[4].is_box 81804d07ca9d7032b2b4abf89326cfc3
round[4].is_row 819dabc3cab4cf07b2264d32938070f8
round[4].im_col cd850f3380f4f2306a1b58c22ee0e0b5
round[4].ik_sch b'b27e088faadae838a44805ef340d4074'

round[5].istart 7ffb07bc2a2e1a08ce535d2d1aeda0c1
round[5].is_box d20fc565e531a2308bed4cd8a255e078
round[5].is_row d2314c78e5ede0658b55c530a20fa2d8
round[5].im_col d81cf3e0787a7cf307451f76349981fb
round[5].ik_sch b'75779a97dfad72af7be577404fe83734'

round[6].istart ad6b6977a7d70e5c7ca068367b71b6cf
round[6].is_box 957ff9f55c0eab4a10e0450521a34e8a
round[6].is_row 950e458a5ce04ef510a3f94a217fab05
round[6].im_col eccc94e038a024bb6d1784fe6d3c1cbd
round[6].ik_sch b'ceed82131140f0bc6aa587fc254db0c8'

round[7].istart 222116f329e0d40707b203024871ac75
round[7].is_box 93fd470da5e148c5c5377b7752a3919d
round[7].is_row 93e17b9da537910dc5a347c552fd4877
round[7].im_col e35a3815946ebc48ed94bc21871ca6ad
round[7].ik_sch b'6d0a6a2c7c4a9a9016ef1d6c33a2ada4'

round[8].istart 8e505239e82426d8fb7ba14db4be0b09
round[8].is_box 195300129b36f7610f2132e38dae2b01
round[8].is_row 193632019b212b120fae00618d53f7e3
round[8].im_col 5b22482d77b6da989629027de0ca15f5
round[8].ik_sch b'd79f23efabd5b97fbd3aa4138e9809b7'

round[9].istart 8cbd6bc2dc6363e72b13a66e6e521c42
round[9].is_box 647a7f2586fbfb94f17d249f9f009c2c
round[9].is_row 64fb242c867d9c25f1007f949f7afb9f
round[9].im_col d6c9a32b29e6b73a12e4a844cfe2b21e
round[9].ik_sch b'8a9e8af6214b33899c71979a12e99e2d'

round[10].istart 5c5729dd08ad84b38e953fdedd0b2c33
round[10].is_box 4a5ba5c130955f6d192a751dc12b71c3
round[10].is_row 4a9575c3302a71c1192ba56dc15b5f1d
round[10].ik_sch b'a295523f83de61b61faff62c0d466801'

